------------------------------------------------------------
Timing Analyzer Summary
------------------------------------------------------------

Type  : Slow 1200mV 85C Model Setup 'fim'
Slack : -16.015
TNS   : -203.841

Type  : Slow 1200mV 85C Model Setup 'reset'
Slack : -15.755
TNS   : -460.730

Type  : Slow 1200mV 85C Model Setup 'clk'
Slack : -11.127
TNS   : -86.938

Type  : Slow 1200mV 85C Model Hold 'reset'
Slack : -4.116
TNS   : -40.081

Type  : Slow 1200mV 85C Model Hold 'fim'
Slack : -4.024
TNS   : -37.723

Type  : Slow 1200mV 85C Model Hold 'clk'
Slack : 0.403
TNS   : 0.000

Type  : Slow 1200mV 85C Model Recovery 'fim'
Slack : -4.793
TNS   : -55.281

Type  : Slow 1200mV 85C Model Recovery 'reset'
Slack : -4.559
TNS   : -53.014

Type  : Slow 1200mV 85C Model Recovery 'clk'
Slack : -1.757
TNS   : -13.486

Type  : Slow 1200mV 85C Model Removal 'reset'
Slack : -3.925
TNS   : -33.948

Type  : Slow 1200mV 85C Model Removal 'fim'
Slack : -3.869
TNS   : -33.512

Type  : Slow 1200mV 85C Model Removal 'clk'
Slack : 1.272
TNS   : 0.000

Type  : Slow 1200mV 85C Model Minimum Pulse Width 'fim'
Slack : -7.303
TNS   : -804.609

Type  : Slow 1200mV 85C Model Minimum Pulse Width 'reset'
Slack : -6.501
TNS   : -944.061

Type  : Slow 1200mV 85C Model Minimum Pulse Width 'clk'
Slack : -3.000
TNS   : -13.280

Type  : Slow 1200mV 0C Model Setup 'fim'
Slack : -14.738
TNS   : -187.787

Type  : Slow 1200mV 0C Model Setup 'reset'
Slack : -14.500
TNS   : -426.740

Type  : Slow 1200mV 0C Model Setup 'clk'
Slack : -10.122
TNS   : -79.413

Type  : Slow 1200mV 0C Model Hold 'reset'
Slack : -3.878
TNS   : -37.011

Type  : Slow 1200mV 0C Model Hold 'fim'
Slack : -3.762
TNS   : -35.350

Type  : Slow 1200mV 0C Model Hold 'clk'
Slack : 0.354
TNS   : 0.000

Type  : Slow 1200mV 0C Model Recovery 'fim'
Slack : -4.565
TNS   : -51.795

Type  : Slow 1200mV 0C Model Recovery 'reset'
Slack : -4.197
TNS   : -47.648

Type  : Slow 1200mV 0C Model Recovery 'clk'
Slack : -1.529
TNS   : -12.060

Type  : Slow 1200mV 0C Model Removal 'reset'
Slack : -3.713
TNS   : -31.504

Type  : Slow 1200mV 0C Model Removal 'fim'
Slack : -3.674
TNS   : -31.458

Type  : Slow 1200mV 0C Model Removal 'clk'
Slack : 1.181
TNS   : 0.000

Type  : Slow 1200mV 0C Model Minimum Pulse Width 'fim'
Slack : -6.626
TNS   : -731.827

Type  : Slow 1200mV 0C Model Minimum Pulse Width 'reset'
Slack : -5.885
TNS   : -855.972

Type  : Slow 1200mV 0C Model Minimum Pulse Width 'clk'
Slack : -3.000
TNS   : -13.280

Type  : Fast 1200mV 0C Model Setup 'reset'
Slack : -7.451
TNS   : -212.239

Type  : Fast 1200mV 0C Model Setup 'fim'
Slack : -7.430
TNS   : -95.217

Type  : Fast 1200mV 0C Model Setup 'clk'
Slack : -5.076
TNS   : -39.141

Type  : Fast 1200mV 0C Model Hold 'reset'
Slack : -2.086
TNS   : -19.237

Type  : Fast 1200mV 0C Model Hold 'fim'
Slack : -2.008
TNS   : -18.511

Type  : Fast 1200mV 0C Model Hold 'clk'
Slack : 0.036
TNS   : 0.000

Type  : Fast 1200mV 0C Model Recovery 'fim'
Slack : -2.808
TNS   : -28.315

Type  : Fast 1200mV 0C Model Recovery 'reset'
Slack : -2.750
TNS   : -32.133

Type  : Fast 1200mV 0C Model Recovery 'clk'
Slack : -1.037
TNS   : -7.626

Type  : Fast 1200mV 0C Model Removal 'fim'
Slack : -1.802
TNS   : -16.097

Type  : Fast 1200mV 0C Model Removal 'reset'
Slack : -1.778
TNS   : -15.953

Type  : Fast 1200mV 0C Model Removal 'clk'
Slack : 0.235
TNS   : 0.000

Type  : Fast 1200mV 0C Model Minimum Pulse Width 'fim'
Slack : -3.720
TNS   : -354.292

Type  : Fast 1200mV 0C Model Minimum Pulse Width 'reset'
Slack : -3.321
TNS   : -417.104

Type  : Fast 1200mV 0C Model Minimum Pulse Width 'clk'
Slack : -3.000
TNS   : -11.244

------------------------------------------------------------
