------------------------------------------------------------
Timing Analyzer Summary
------------------------------------------------------------

Type  : Slow 1200mV 85C Model Setup 'fim'
Slack : -3.853
TNS   : -30.235

Type  : Slow 1200mV 85C Model Setup 'clk'
Slack : -2.946
TNS   : -28.688

Type  : Slow 1200mV 85C Model Hold 'clk'
Slack : 0.401
TNS   : 0.000

Type  : Slow 1200mV 85C Model Hold 'fim'
Slack : 1.350
TNS   : 0.000

Type  : Slow 1200mV 85C Model Minimum Pulse Width 'clk'
Slack : -3.000
TNS   : -18.420

Type  : Slow 1200mV 85C Model Minimum Pulse Width 'fim'
Slack : -3.000
TNS   : -3.000

Type  : Slow 1200mV 0C Model Setup 'fim'
Slack : -3.619
TNS   : -28.433

Type  : Slow 1200mV 0C Model Setup 'clk'
Slack : -2.607
TNS   : -25.278

Type  : Slow 1200mV 0C Model Hold 'clk'
Slack : 0.353
TNS   : 0.000

Type  : Slow 1200mV 0C Model Hold 'fim'
Slack : 1.249
TNS   : 0.000

Type  : Slow 1200mV 0C Model Minimum Pulse Width 'clk'
Slack : -3.000
TNS   : -18.420

Type  : Slow 1200mV 0C Model Minimum Pulse Width 'fim'
Slack : -3.000
TNS   : -3.000

Type  : Fast 1200mV 0C Model Setup 'fim'
Slack : -1.168
TNS   : -8.405

Type  : Fast 1200mV 0C Model Setup 'clk'
Slack : -0.867
TNS   : -8.942

Type  : Fast 1200mV 0C Model Hold 'clk'
Slack : 0.180
TNS   : 0.000

Type  : Fast 1200mV 0C Model Hold 'fim'
Slack : 0.420
TNS   : 0.000

Type  : Fast 1200mV 0C Model Minimum Pulse Width 'clk'
Slack : -3.000
TNS   : -15.639

Type  : Fast 1200mV 0C Model Minimum Pulse Width 'fim'
Slack : -3.000
TNS   : -3.000

------------------------------------------------------------
